
================================================================================
Testing Ares Engine with cloud migration topic
================================================================================

[SOURCE_BACKFILL_START] {'event': 'source_backfill_start', 'message': 'Only 2 credible sources found. Starting iterative search...'}
[ERROR] {'event': 'error', 'message': '(psycopg2.errors.UniqueViolation) duplicate key value violates unique constraint "uix_source_run"\nDETAIL:  Key (research_run_id, url)=(65, https://cloud.google.com/blog/products/databases/spanner-in-2025) already exists.\n\n[SQL: INSERT INTO verified_sources (research_run_id, profile_name, url, title, domain, credibility_score, domain_authority, publish_date, freshness_score, internal_citations_count, has_credible_citations, citation_urls_json, is_academic, is_authoritative_domain, content_snippet, verification_passed, rejection_reason) VALUES (%(research_run_id)s, %(profile_name)s, %(url)s, %(title)s, %(domain)s, %(credibility_score)s, %(domain_authority)s, %(publish_date)s, %(freshness_score)s, %(internal_citations_count)s, %(has_credible_citations)s, %(citation_urls_json)s, %(is_academic)s, %(is_authoritative_domain)s, %(content_snippet)s, %(verification_passed)s, %(rejection_reason)s) RETURNING verified_sources.id, verified_sources.created_at]\n[parameters: {\'research_run_id\': 65, \'profile_name\': \'test_impl\', \'url\': \'https://cloud.google.com/blog/products/databases/spanner-in-2025\', \'title\': \'Spanner in 2025 | Google Cloud Blog\', \'domain\': \'cloud.google.com\', \'credibility_score\': 37.666666666666664, \'domain_authority\': 30, \'publish_date\': None, \'freshness_score\': None, \'internal_citations_count\': 0, \'has_credible_citations\': False, \'citation_urls_json\': \'[]\', \'is_academic\': False, \'is_authoritative_domain\': False, \'content_snippet\': "Spanner in 2025 | Google Cloud Blog\\n\\nDatabases\\n\\n# Spanner in 2025: Innovations powering intelligent, multi-model AI applications\\n\\nJanuary 28, 2 ... (1746 characters truncated) ... phs, and relational data to provide context for your AI models. In 2025, we expanded these multi-model capabilities, adding new functionality across ", \'verification_passed\': False, \'rejection_reason\': \'Score 37.7 < 45.0 threshold\'}]\n(Background on this error at: https://sqlalche.me/e/20/gkpj) | Check backend terminal for full traceback.'}
